// Jest Snapshot v1, https://goo.gl/fbAQLP

exports[`Components/Card Default smoke-test 1`] = `
<div style="position: relative; width: 100%; height: 300px; display: flex; align-items: center; justify-content: center;">
  <div style="position: absolute; top: 0px; width: 100%; height: 100vh; display: flex; align-items: center; justify-content: center;">
    <div class="flex gap-4">
      <figure class="_card_8npgw_1 _card_m_8npgw_37 bg-gradient-to-b from-secondary-600 to-secondary-700 dark:bg-secondary-700 text-white flex flex-col gap-2 justify-between p-6"
              style="will-change: transform; transition: 400ms cubic-bezier(0.03, 0.98, 0.52, 0.99); transform: perspective(1000px) rotateX(0deg) rotateY(0deg) scale3d(1, 1, 1);"
      >
        <div class="_icon_wrapper_1j07s_1"
             style="width: 45px; height: 45px;"
        >
          <svg fill="#000000"
               stroke="none"
               height="45"
               viewbox="0 0 15 15"
               width="45"
               xmlns="http://www.w3.org/2000/svg"
               class="fill-white dark:fill-white"
          >
            <path d="M7.30298 0.0404275C7.42875 -0.0134758 7.57112 -0.0134758 7.6969 0.0404275L14.5 2.95605L7.50002 5.95604L0.499949 2.95601L7.30298 0.0404275Z">
            </path>
            <path d="M-6.10352e-05 3.82969V11.5C-6.10352e-05 11.7 0.119137 11.8808 0.302979 11.9596L6.99994 14.8297V6.82969L-6.10352e-05 3.82969Z">
            </path>
            <path d="M7.99994 6.82976L14.9999 3.82976V11.5C14.9999 11.7 14.8807 11.8808 14.6969 11.9596L7.99994 14.8297V6.82976Z">
            </path>
          </svg>
        </div>
        <div class="flex flex-col gap-2">
          <h2 class="text-[1.2rem] font-bold">
            Card Title
          </h2>
          <figcaption>
            <p>
              Lorem ipsum dolor sit amet, consectetur adipiscing elit. Ut maximus purus sed velit porttitor, cursus auctor elit eleifend. Fusce ultricies ultrices sagittis.
            </p>
          </figcaption>
        </div>
        <div class="js-tilt-glare"
             style="position: absolute; top: 0px; left: 0px; width: 100%; height: 100%; overflow: hidden; pointer-events: none; border-radius: inherit;"
        >
          <div class="js-tilt-glare-inner"
               style="position: absolute; top: 50%; left: 50%; pointer-events: none; background-image: linear-gradient(0deg, rgba(255, 255, 255, 0) 0%, rgb(255, 255, 255) 100%); transform: rotate(180deg) translate(-50%, -50%); transform-origin: 0% 0%; opacity: 0; width: 600px; height: 600px; transition: opacity 400ms cubic-bezier(0.03, 0.98, 0.52, 0.99);"
          >
          </div>
        </div>
      </figure>
      <figure class="_card_8npgw_1 _card_m_8npgw_37 bg-gradient-to-b from-secondary-600 to-secondary-700 dark:bg-secondary-700 text-white flex flex-col gap-2 justify-between p-6"
              style="will-change: transform; transition: 400ms cubic-bezier(0.03, 0.98, 0.52, 0.99); transform: perspective(1000px) rotateX(0deg) rotateY(0deg) scale3d(1, 1, 1);"
      >
        <div class="_icon_wrapper_1j07s_1"
             style="width: 45px; height: 45px;"
        >
          <svg xmlns="http://www.w3.org/2000/svg"
               fill="none"
               viewbox="0 0 24 24"
               width="45"
               height="45"
               stroke-width="1.5"
               stroke="#000000"
               class="stroke-white dark:stroke-white"
          >
            <path stroke-linecap="round"
                  stroke-linejoin="round"
                  d="M8.625 9.75a.375.375 0 1 1-.75 0 .375.375 0 0 1 .75 0Zm0 0H8.25m4.125 0a.375.375 0 1 1-.75 0 .375.375 0 0 1 .75 0Zm0 0H12m4.125 0a.375.375 0 1 1-.75 0 .375.375 0 0 1 .75 0Zm0 0h-.375m-13.5 3.01c0 1.6 1.123 2.994 2.707 3.227 1.087.16 2.185.283 3.293.369V21l4.184-4.183a1.14 1.14 0 0 1 .778-.332 48.294 48.294 0 0 0 5.83-.498c1.585-.233 2.708-1.626 2.708-3.228V6.741c0-1.602-1.123-2.995-2.707-3.228A48.394 48.394 0 0 0 12 3c-2.392 0-4.744.175-7.043.513C3.373 3.746 2.25 5.14 2.25 6.741v6.018Z"
            >
            </path>
          </svg>
        </div>
        <div class="flex flex-col gap-2">
          <h2 class="text-[1.2rem] font-bold">
            Card Title
          </h2>
          <figcaption>
            <p>
              Lorem ipsum dolor sit amet, consectetur adipiscing elit. Ut maximus purus sed velit porttitor, cursus auctor elit eleifend. Fusce ultricies ultrices sagittis.
            </p>
          </figcaption>
        </div>
        <div class="js-tilt-glare"
             style="position: absolute; top: 0px; left: 0px; width: 100%; height: 100%; overflow: hidden; pointer-events: none; border-radius: inherit;"
        >
          <div class="js-tilt-glare-inner"
               style="position: absolute; top: 50%; left: 50%; pointer-events: none; background-image: linear-gradient(0deg, rgba(255, 255, 255, 0) 0%, rgb(255, 255, 255) 100%); transform: rotate(180deg) translate(-50%, -50%); transform-origin: 0% 0%; opacity: 0; width: 600px; height: 600px; transition: opacity 400ms cubic-bezier(0.03, 0.98, 0.52, 0.99);"
          >
          </div>
        </div>
      </figure>
      <figure class="_card_8npgw_1 _card_m_8npgw_37 bg-gradient-to-b from-secondary-600 to-secondary-700 dark:bg-secondary-700 text-white flex flex-col gap-2 justify-between p-6"
              style="will-change: transform; transition: 400ms cubic-bezier(0.03, 0.98, 0.52, 0.99); transform: perspective(1000px) rotateX(0deg) rotateY(0deg) scale3d(1, 1, 1);"
      >
        <div class="_icon_wrapper_1j07s_1"
             style="width: 45px; height: 45px;"
        >
          <svg width="45"
               height="45"
               viewbox="0 0 23 23"
               fill="#000000"
               class="fill-white dark:fill-white"
               xmlns="http://www.w3.org/2000/svg"
          >
            <path d="M14.9656 19.2539H8.03471C8.02797 19.3423 8.02344 19.4313 8.02344 19.5213C8.02344 21.4384 9.58313 22.9981 11.5002 22.9981C13.4172 22.9981 14.9769 21.4384 14.9769 19.5213C14.9769 19.4313 14.9724 19.3423 14.9656 19.2539Z">
            </path>
            <path d="M17.0001 2.26725C15.5263 0.803787 13.575 0 11.4995 0C11.4807 0 11.4616 8.98438e-05 11.4428 0.000179688C9.40903 0.0145547 7.48561 0.813131 6.02682 2.24888C4.56771 3.68499 3.73899 5.59547 3.69344 7.62868C3.64555 9.7631 4.44422 11.7743 5.94219 13.292C6.75397 14.1144 7.21958 15.2154 7.2199 16.3129V17.6512H15.7781V16.3129C15.7783 15.209 16.2361 14.1159 17.034 13.3139C18.4995 11.8408 19.3065 9.88528 19.3065 7.8076C19.3065 5.71168 18.4874 3.74406 17.0001 2.26725ZM10.0069 9.43503L8.8723 10.5697L6.6201 8.31742L8.87235 6.06522L10.007 7.19985L8.88942 8.31737L10.0069 9.43503ZM11.6488 11.5H10.0091L11.3491 5.13488H12.9889L11.6488 11.5ZM14.1256 10.5696L12.991 9.43494L14.1085 8.31737L12.991 7.1999L14.1256 6.06526L16.3779 8.31742L14.1256 10.5696Z">
            </path>
          </svg>
        </div>
        <div class="flex flex-col gap-2">
          <h2 class="text-[1.2rem] font-bold">
            Card Title
          </h2>
          <figcaption>
            <p>
              Lorem ipsum dolor sit amet, consectetur adipiscing elit. Ut maximus purus sed velit porttitor, cursus auctor elit eleifend. Fusce ultricies ultrices sagittis.
            </p>
          </figcaption>
        </div>
        <div class="js-tilt-glare"
             style="position: absolute; top: 0px; left: 0px; width: 100%; height: 100%; overflow: hidden; pointer-events: none; border-radius: inherit;"
        >
          <div class="js-tilt-glare-inner"
               style="position: absolute; top: 50%; left: 50%; pointer-events: none; background-image: linear-gradient(0deg, rgba(255, 255, 255, 0) 0%, rgb(255, 255, 255) 100%); transform: rotate(180deg) translate(-50%, -50%); transform-origin: 0% 0%; opacity: 0; width: 600px; height: 600px; transition: opacity 400ms cubic-bezier(0.03, 0.98, 0.52, 0.99);"
          >
          </div>
        </div>
      </figure>
    </div>
  </div>
</div>
`;
