// Jest Snapshot v1, https://goo.gl/fbAQLP

exports[`Project Flow - Select Dataset And Model Datasets and Model Selection Screen should render Datasets / Model selection screen: Datasets/Model-Selection-Screen 1`] = `
<div
  class="layoutContentArea"
>
  <div
    class="scrollContainer"
  >
    <div
      class="container__limits"
    >
      <div
        class="inputsLayout"
      >
        <div
          class="stickyInputsLeftpanel"
          id="inputsLeftpanel"
        >
          <div
            class="projectDetail"
          >
            <h4>
              Project
            </h4>
            <h3>
              Test Project
            </h3>
          </div>
          <div
            class="root list__expanded"
            style="margin-top: 10px;"
          >
            <div
              class="header"
            >
              <svg
                aria-hidden="true"
                class="MuiSvgIcon-root MuiSvgIcon-fontSizeMedium arrowIcon css-i4bv87-MuiSvgIcon-root"
                data-testid="ArrowDropDownIcon"
                focusable="false"
                viewBox="0 0 24 24"
              >
                <path
                  d="m7 10 5 5 5-5z"
                />
              </svg>
              <div
                class="headerContent"
              >
                <div
                  class="headerChild"
                >
                  <svg
                    aria-hidden="true"
                    class="MuiSvgIcon-root MuiSvgIcon-fontSizeMedium css-i4bv87-MuiSvgIcon-root"
                    data-testid="DirectionsRunIcon"
                    focusable="false"
                    viewBox="0 0 24 24"
                  >
                    <path
                      d="M13.49 5.48c1.1 0 2-.9 2-2s-.9-2-2-2-2 .9-2 2 .9 2 2 2zm-3.6 13.9 1-4.4 2.1 2v6h2v-7.5l-2.1-2 .6-3c1.3 1.5 3.3 2.5 5.5 2.5v-2c-1.9 0-3.5-1-4.3-2.4l-1-1.6c-.4-.6-1-1-1.7-1-.3 0-.5.1-.8.1l-5.2 2.2v4.7h2v-3.4l1.8-.7-1.6 8.1-4.9-1-.4 2 7 1.4z"
                    />
                  </svg>
                  <span
                    style="color: rgb(103, 103, 103); font-weight: 500;"
                  >
                    Tests Arguments
                  </span>
                </div>
              </div>
            </div>
            <div
              class="list"
            >
              <div
                class="item"
              >
                <div
                  class="itemWrapper"
                >
                  <svg
                    aria-hidden="true"
                    class="MuiSvgIcon-root MuiSvgIcon-fontSizeMedium css-i4bv87-MuiSvgIcon-root"
                    data-testid="ErrorIcon"
                    focusable="false"
                    style="color: rgb(247, 57, 57); font-size: 29px;"
                    viewBox="0 0 24 24"
                  >
                    <path
                      d="M12 2C6.48 2 2 6.48 2 12s4.48 10 10 10 10-4.48 10-10S17.52 2 12 2zm1 15h-2v-2h2v2zm0-4h-2V7h2v6z"
                    />
                  </svg>
                  <div
                    class="itemText"
                  >
                    Fairness Metrics Toolbox for Regression
                  </div>
                </div>
              </div>
            </div>
          </div>
        </div>
        <div
          class="inputsRightpanel"
          id="inputsRightPanel"
        >
          <div>
            <div
              class="inputSection"
            >
              <div
                class="sectionHeading"
              >
                <h3
                  class="screenHeading"
                >
                  Select the Datasets and AI Model to be tested
                </h3>
                <p
                  class="headingDescription"
                >
                  Please select the datasets required for report generation followed by the AI Model to be tested
                </p>
              </div>
              <div
                class="inputCard"
              >
                <div
                  class="inputDescription"
                  style="width: 350px;"
                >
                  <h4>
                    Testing Dataset
                  </h4>
                  <p>
                    Select the testing dataset to be used for the tests to run.
                  </p>
                </div>
                <div
                  class="divider"
                />
                <div
                  class="inputMain"
                >
                  <button
                    class="aivBase-button aivBase-button--outlined aivBase-button--small"
                  >
                    Choose Dataset
                  </button>
                </div>
              </div>
              <div
                class="inputCard"
              >
                <div
                  class="inputDescription"
                  style="width: 350px;"
                >
                  <h4>
                    Ground Truth Dataset
                  </h4>
                  <p>
                    Select the dataset containing the ground truth. The testing dataset can be used.
                  </p>
                </div>
                <div
                  class="divider"
                />
                <div
                  class="inputMain"
                >
                  <button
                    class="aivBase-button aivBase-button--outlined aivBase-button--small"
                  >
                    Choose Dataset
                  </button>
                </div>
              </div>
              <div
                class="inputCard"
              >
                <div
                  class="inputDescription"
                  style="width: 350px;"
                >
                  <h4>
                    AI Model
                  </h4>
                  <p>
                    Select the AI Model to be tested. Model Upload and API Connection available.
                  </p>
                </div>
                <div
                  class="divider"
                />
                <div
                  class="inputMain"
                >
                  <button
                    class="aivBase-button aivBase-button--outlined aivBase-button--small"
                  >
                    Choose Model
                  </button>
                </div>
              </div>
            </div>
            <div
              class="inputSection"
            >
              <div
                class="sectionHeading"
              >
                <h3
                  class="screenHeading"
                >
                  Provide Test Arguments
                </h3>
                <p
                  class="headingDescription"
                >
                  Open each test argument to provide the arguments required to run the tests and generate the report
                </p>
              </div>
              <div
                class="inputCard"
                id="algocard-aiverify.stock.fairness_metrics_toolbox_for_regression:fairness_metrics_toolbox_for_regression"
              >
                <div
                  class="inputDescription"
                  style="width: 350px;"
                >
                  <h4>
                    Fairness Metrics Toolbox for Regression
                  </h4>
                </div>
                <div
                  class="divider"
                />
                <div
                  class="inputMain"
                >
                  <p>
                    This algorithm computes a list of fairness metrics to measure how correctly your model predicts among the given set of sensitive features.
                  </p>
                  <div
                    class="buttonRow"
                  >
                    <button
                      class="aivBase-button aivBase-button--primary aivBase-button--small"
                    >
                      Open
                    </button>
                    <div
                      class="errorMsg"
                    >
                      Invalid Arguments
                    </div>
                  </div>
                </div>
              </div>
            </div>
          </div>
        </div>
      </div>
    </div>
  </div>
</div>
`;

exports[`Project Flow - Select Dataset And Model Datasets and Model Selection Screen should select test Dataset: Temp 1`] = `
<div
  class="layoutContentArea"
>
  <div
    class="scrollContainer"
  >
    <div
      class="container__limits"
    >
      <div
        class="inputsLayout"
        style="height: 600px; padding-top: 24px;"
      >
        <div
          style="margin-bottom: 15px; display: flex; justify-content: space-between;"
        >
          <h3
            class="screenHeading"
          >
            Choose the Dataset
          </h3>
          <button
            class="aivBase-button aivBase-button--primary aivBase-button--medium"
          >
            New Dataset +
          </button>
        </div>
        <div
          class="MuiBox-root css-1chv1uf"
        >
          <div
            aria-colcount="5"
            aria-multiselectable="false"
            aria-rowcount="1"
            class="MuiDataGrid-root MuiDataGrid-root--densityStandard css-1fqyl8-MuiDataGrid-root"
            role="grid"
          >
            <div>
              <div>
                <div
                  class="MuiDataGrid-toolbarContainer css-13oy971-MuiDataGrid-toolbarContainer"
                >
                  <div
                    aria-label="Search"
                    class="MuiFormControl-root MuiTextField-root css-orz6p8-MuiFormControl-root-MuiTextField-root-MuiDataGrid-toolbarQuickFilter"
                  >
                    <div
                      class="MuiInputBase-root MuiInput-root MuiInput-underline MuiInputBase-colorPrimary MuiInputBase-formControl MuiInputBase-adornedStart MuiInputBase-adornedEnd css-1ptx2yq-MuiInputBase-root-MuiInput-root"
                    >
                      <svg
                        aria-hidden="true"
                        class="MuiSvgIcon-root MuiSvgIcon-fontSizeSmall css-ptiqhd-MuiSvgIcon-root"
                        data-testid="SearchIcon"
                        focusable="false"
                        viewBox="0 0 24 24"
                      >
                        <path
                          d="M15.5 14h-.79l-.28-.27C15.41 12.59 16 11.11 16 9.5 16 5.91 13.09 3 9.5 3S3 5.91 3 9.5 5.91 16 9.5 16c1.61 0 3.09-.59 4.23-1.57l.27.28v.79l5 4.99L20.49 19l-4.99-5zm-6 0C7.01 14 5 11.99 5 9.5S7.01 5 9.5 5 14 7.01 14 9.5 11.99 14 9.5 14z"
                        />
                      </svg>
                      <input
                        aria-invalid="false"
                        class="MuiInputBase-input MuiInput-input MuiInputBase-inputTypeSearch MuiInputBase-inputAdornedStart MuiInputBase-inputAdornedEnd css-c63i49-MuiInputBase-input-MuiInput-input"
                        id=":r4:"
                        placeholder="Search…"
                        type="search"
                        value=""
                      />
                      <button
                        aria-label="Clear"
                        class="MuiButtonBase-root MuiIconButton-root MuiIconButton-sizeSmall css-fp9tcu-MuiButtonBase-root-MuiIconButton-root"
                        tabindex="0"
                        type="button"
                      >
                        <svg
                          aria-hidden="true"
                          class="MuiSvgIcon-root MuiSvgIcon-fontSizeSmall css-ptiqhd-MuiSvgIcon-root"
                          data-testid="CloseIcon"
                          focusable="false"
                          viewBox="0 0 24 24"
                        >
                          <path
                            d="M19 6.41L17.59 5 12 10.59 6.41 5 5 6.41 10.59 12 5 17.59 6.41 19 12 13.41 17.59 19 19 17.59 13.41 12z"
                          />
                        </svg>
                        <span
                          class="MuiTouchRipple-root css-8je8zh-MuiTouchRipple-root"
                        />
                      </button>
                    </div>
                  </div>
                  <div
                    style="flex: 1 1; min-width: 250px;"
                  >
                    <span
                      style="margin: 10px;"
                    >
                      Filter by: 
                    </span>
                    <div
                      class="MuiButtonBase-root MuiChip-root MuiChip-outlined MuiChip-sizeMedium MuiChip-colorDefault MuiChip-clickable MuiChip-clickableColorDefault MuiChip-outlinedDefault css-13ulidh-MuiButtonBase-root-MuiChip-root"
                      role="button"
                      tabindex="0"
                    >
                      <span
                        class="MuiChip-label MuiChip-labelMedium css-6od3lo-MuiChip-label"
                      >
                        File
                      </span>
                      <span
                        class="MuiTouchRipple-root css-8je8zh-MuiTouchRipple-root"
                      />
                    </div>
                    <div
                      class="MuiButtonBase-root MuiChip-root MuiChip-outlined MuiChip-sizeMedium MuiChip-colorDefault MuiChip-clickable MuiChip-clickableColorDefault MuiChip-outlinedDefault css-13ulidh-MuiButtonBase-root-MuiChip-root"
                      role="button"
                      tabindex="0"
                    >
                      <span
                        class="MuiChip-label MuiChip-labelMedium css-6od3lo-MuiChip-label"
                      >
                        Folder
                      </span>
                      <span
                        class="MuiTouchRipple-root css-8je8zh-MuiTouchRipple-root"
                      />
                    </div>
                  </div>
                </div>
              </div>
            </div>
            <div
              class="MuiDataGrid-main css-204u17-MuiDataGrid-main"
            >
              <div
                style="height: -56px; width: 0px; position: absolute; top: 56px;"
              >
                <div
                  class="MuiDataGrid-overlay css-c1gd0l-MuiDataGrid-overlay"
                >
                  No dataset files uploaded. Click "NEW DATASET +" to upload new dataset files.
                </div>
              </div>
              <div
                class="MuiDataGrid-columnHeaders css-z8fhq1-MuiDataGrid-columnHeaders"
                style="min-height: 56px; max-height: 56px; line-height: 56px;"
              >
                <div
                  class="MuiDataGrid-columnHeadersInner css-gl260s-MuiDataGrid-columnHeadersInner"
                  role="rowgroup"
                  style="transform: translate3d(0px, 0px, 0px);"
                >
                  <div
                    aria-rowindex="1"
                    class="css-yrdy0g-MuiDataGrid-columnHeaderRow"
                    role="row"
                  >
                    <div
                      aria-colindex="1"
                      aria-label="Type"
                      aria-sort="none"
                      class="MuiDataGrid-columnHeader MuiDataGrid-columnHeader--sortable"
                      data-field="type"
                      role="columnheader"
                      style="height: 56px; width: 0px; min-width: 0; max-width: 0;"
                      tabindex="0"
                    >
                      <div
                        class="MuiDataGrid-columnHeaderDraggableContainer"
                        draggable="false"
                      >
                        <div
                          class="MuiDataGrid-columnHeaderTitleContainer"
                        >
                          <div
                            class="MuiDataGrid-columnHeaderTitleContainerContent"
                          >
                            <div
                              aria-label=""
                              class="MuiDataGrid-columnHeaderTitle css-1jbbcbn-MuiDataGrid-columnHeaderTitle"
                              data-mui-internal-clone-element="true"
                            >
                              Type
                            </div>
                          </div>
                          <div
                            class="MuiDataGrid-iconButtonContainer css-ltf0zy-MuiDataGrid-iconButtonContainer"
                          >
                            <button
                              aria-label="Sort"
                              class="MuiButtonBase-root MuiIconButton-root MuiIconButton-sizeSmall css-1pe4mpk-MuiButtonBase-root-MuiIconButton-root"
                              tabindex="-1"
                              title="Sort"
                              type="button"
                            >
                              <svg
                                aria-hidden="true"
                                class="MuiSvgIcon-root MuiSvgIcon-fontSizeSmall MuiDataGrid-sortIcon css-ptiqhd-MuiSvgIcon-root"
                                data-testid="ArrowUpwardIcon"
                                focusable="false"
                                viewBox="0 0 24 24"
                              >
                                <path
                                  d="M4 12l1.41 1.41L11 7.83V20h2V7.83l5.58 5.59L20 12l-8-8-8 8z"
                                />
                              </svg>
                              <span
                                class="MuiTouchRipple-root css-8je8zh-MuiTouchRipple-root"
                              />
                            </button>
                          </div>
                        </div>
                        <div
                          class="MuiDataGrid-menuIcon"
                        >
                          <button
                            aria-controls=":r5:"
                            aria-haspopup="true"
                            aria-label="Menu"
                            class="MuiButtonBase-root MuiIconButton-root MuiIconButton-sizeSmall MuiDataGrid-menuIconButton css-1pe4mpk-MuiButtonBase-root-MuiIconButton-root"
                            id=":r6:"
                            tabindex="-1"
                            title="Menu"
                            type="button"
                          >
                            <svg
                              aria-hidden="true"
                              class="MuiSvgIcon-root MuiSvgIcon-fontSizeSmall css-ptiqhd-MuiSvgIcon-root"
                              data-testid="TripleDotsVerticalIcon"
                              focusable="false"
                              viewBox="0 0 24 24"
                            >
                              <path
                                d="M12 8c1.1 0 2-.9 2-2s-.9-2-2-2-2 .9-2 2 .9 2 2 2zm0 2c-1.1 0-2 .9-2 2s.9 2 2 2 2-.9 2-2-.9-2-2-2zm0 6c-1.1 0-2 .9-2 2s.9 2 2 2 2-.9 2-2-.9-2-2-2z"
                              />
                            </svg>
                            <span
                              class="MuiTouchRipple-root css-8je8zh-MuiTouchRipple-root"
                            />
                          </button>
                        </div>
                      </div>
                      <div
                        class="MuiDataGrid-columnSeparator MuiDataGrid-columnSeparator--sideRight"
                        style="min-height: 56px; opacity: 1;"
                      >
                        <svg
                          aria-hidden="true"
                          class="MuiSvgIcon-root MuiSvgIcon-fontSizeMedium MuiDataGrid-iconSeparator css-i4bv87-MuiSvgIcon-root"
                          data-testid="SeparatorIcon"
                          focusable="false"
                          viewBox="0 0 24 24"
                        >
                          <path
                            d="M11 19V5h2v14z"
                          />
                        </svg>
                      </div>
                    </div>
                    <div
                      aria-colindex="2"
                      aria-label="Name"
                      aria-sort="none"
                      class="MuiDataGrid-columnHeader MuiDataGrid-columnHeader--sortable"
                      data-field="name"
                      role="columnheader"
                      style="height: 56px; width: 0px; min-width: 0; max-width: 0;"
                      tabindex="-1"
                    >
                      <div
                        class="MuiDataGrid-columnHeaderDraggableContainer"
                        draggable="false"
                      >
                        <div
                          class="MuiDataGrid-columnHeaderTitleContainer"
                        >
                          <div
                            class="MuiDataGrid-columnHeaderTitleContainerContent"
                          >
                            <div
                              aria-label=""
                              class="MuiDataGrid-columnHeaderTitle css-1jbbcbn-MuiDataGrid-columnHeaderTitle"
                              data-mui-internal-clone-element="true"
                            >
                              Name
                            </div>
                          </div>
                          <div
                            class="MuiDataGrid-iconButtonContainer css-ltf0zy-MuiDataGrid-iconButtonContainer"
                          >
                            <button
                              aria-label="Sort"
                              class="MuiButtonBase-root MuiIconButton-root MuiIconButton-sizeSmall css-1pe4mpk-MuiButtonBase-root-MuiIconButton-root"
                              tabindex="-1"
                              title="Sort"
                              type="button"
                            >
                              <svg
                                aria-hidden="true"
                                class="MuiSvgIcon-root MuiSvgIcon-fontSizeSmall MuiDataGrid-sortIcon css-ptiqhd-MuiSvgIcon-root"
                                data-testid="ArrowUpwardIcon"
                                focusable="false"
                                viewBox="0 0 24 24"
                              >
                                <path
                                  d="M4 12l1.41 1.41L11 7.83V20h2V7.83l5.58 5.59L20 12l-8-8-8 8z"
                                />
                              </svg>
                              <span
                                class="MuiTouchRipple-root css-8je8zh-MuiTouchRipple-root"
                              />
                            </button>
                          </div>
                        </div>
                        <div
                          class="MuiDataGrid-menuIcon"
                        >
                          <button
                            aria-controls=":r8:"
                            aria-haspopup="true"
                            aria-label="Menu"
                            class="MuiButtonBase-root MuiIconButton-root MuiIconButton-sizeSmall MuiDataGrid-menuIconButton css-1pe4mpk-MuiButtonBase-root-MuiIconButton-root"
                            id=":r9:"
                            tabindex="-1"
                            title="Menu"
                            type="button"
                          >
                            <svg
                              aria-hidden="true"
                              class="MuiSvgIcon-root MuiSvgIcon-fontSizeSmall css-ptiqhd-MuiSvgIcon-root"
                              data-testid="TripleDotsVerticalIcon"
                              focusable="false"
                              viewBox="0 0 24 24"
                            >
                              <path
                                d="M12 8c1.1 0 2-.9 2-2s-.9-2-2-2-2 .9-2 2 .9 2 2 2zm0 2c-1.1 0-2 .9-2 2s.9 2 2 2 2-.9 2-2-.9-2-2-2zm0 6c-1.1 0-2 .9-2 2s.9 2 2 2 2-.9 2-2-.9-2-2-2z"
                              />
                            </svg>
                            <span
                              class="MuiTouchRipple-root css-8je8zh-MuiTouchRipple-root"
                            />
                          </button>
                        </div>
                      </div>
                      <div
                        class="MuiDataGrid-columnSeparator MuiDataGrid-columnSeparator--sideRight"
                        style="min-height: 56px; opacity: 1;"
                      >
                        <svg
                          aria-hidden="true"
                          class="MuiSvgIcon-root MuiSvgIcon-fontSizeMedium MuiDataGrid-iconSeparator css-i4bv87-MuiSvgIcon-root"
                          data-testid="SeparatorIcon"
                          focusable="false"
                          viewBox="0 0 24 24"
                        >
                          <path
                            d="M11 19V5h2v14z"
                          />
                        </svg>
                      </div>
                    </div>
                    <div
                      aria-colindex="3"
                      aria-label="Rows"
                      aria-sort="none"
                      class="MuiDataGrid-columnHeader MuiDataGrid-columnHeader--sortable"
                      data-field="numRows"
                      role="columnheader"
                      style="height: 56px; width: 0px; min-width: 0; max-width: 0;"
                      tabindex="-1"
                    >
                      <div
                        class="MuiDataGrid-columnHeaderDraggableContainer"
                        draggable="false"
                      >
                        <div
                          class="MuiDataGrid-columnHeaderTitleContainer"
                        >
                          <div
                            class="MuiDataGrid-columnHeaderTitleContainerContent"
                          >
                            <div
                              aria-label=""
                              class="MuiDataGrid-columnHeaderTitle css-1jbbcbn-MuiDataGrid-columnHeaderTitle"
                              data-mui-internal-clone-element="true"
                            >
                              Rows
                            </div>
                          </div>
                          <div
                            class="MuiDataGrid-iconButtonContainer css-ltf0zy-MuiDataGrid-iconButtonContainer"
                          >
                            <button
                              aria-label="Sort"
                              class="MuiButtonBase-root MuiIconButton-root MuiIconButton-sizeSmall css-1pe4mpk-MuiButtonBase-root-MuiIconButton-root"
                              tabindex="-1"
                              title="Sort"
                              type="button"
                            >
                              <svg
                                aria-hidden="true"
                                class="MuiSvgIcon-root MuiSvgIcon-fontSizeSmall MuiDataGrid-sortIcon css-ptiqhd-MuiSvgIcon-root"
                                data-testid="ArrowUpwardIcon"
                                focusable="false"
                                viewBox="0 0 24 24"
                              >
                                <path
                                  d="M4 12l1.41 1.41L11 7.83V20h2V7.83l5.58 5.59L20 12l-8-8-8 8z"
                                />
                              </svg>
                              <span
                                class="MuiTouchRipple-root css-8je8zh-MuiTouchRipple-root"
                              />
                            </button>
                          </div>
                        </div>
                        <div
                          class="MuiDataGrid-menuIcon"
                        >
                          <button
                            aria-controls=":rb:"
                            aria-haspopup="true"
                            aria-label="Menu"
                            class="MuiButtonBase-root MuiIconButton-root MuiIconButton-sizeSmall MuiDataGrid-menuIconButton css-1pe4mpk-MuiButtonBase-root-MuiIconButton-root"
                            id=":rc:"
                            tabindex="-1"
                            title="Menu"
                            type="button"
                          >
                            <svg
                              aria-hidden="true"
                              class="MuiSvgIcon-root MuiSvgIcon-fontSizeSmall css-ptiqhd-MuiSvgIcon-root"
                              data-testid="TripleDotsVerticalIcon"
                              focusable="false"
                              viewBox="0 0 24 24"
                            >
                              <path
                                d="M12 8c1.1 0 2-.9 2-2s-.9-2-2-2-2 .9-2 2 .9 2 2 2zm0 2c-1.1 0-2 .9-2 2s.9 2 2 2 2-.9 2-2-.9-2-2-2zm0 6c-1.1 0-2 .9-2 2s.9 2 2 2 2-.9 2-2-.9-2-2-2z"
                              />
                            </svg>
                            <span
                              class="MuiTouchRipple-root css-8je8zh-MuiTouchRipple-root"
                            />
                          </button>
                        </div>
                      </div>
                      <div
                        class="MuiDataGrid-columnSeparator MuiDataGrid-columnSeparator--sideRight"
                        style="min-height: 56px; opacity: 1;"
                      >
                        <svg
                          aria-hidden="true"
                          class="MuiSvgIcon-root MuiSvgIcon-fontSizeMedium MuiDataGrid-iconSeparator css-i4bv87-MuiSvgIcon-root"
                          data-testid="SeparatorIcon"
                          focusable="false"
                          viewBox="0 0 24 24"
                        >
                          <path
                            d="M11 19V5h2v14z"
                          />
                        </svg>
                      </div>
                    </div>
                  </div>
                </div>
              </div>
              <div
                style="overflow: visible; height: 0px; width: 0px;"
              >
                <div
                  class="MuiDataGrid-virtualScroller css-1w5m2wr-MuiDataGrid-virtualScroller"
                  style="width: 0px; height: auto; margin-top: 56px; overflow-x: hidden;"
                >
                  <div
                    class="MuiDataGrid-virtualScrollerContent MuiDataGrid-virtualScrollerContent--overflowed css-1kwdphh-MuiDataGrid-virtualScrollerContent"
                    style="width: auto; height: 1px; min-height: auto;"
                  >
                    <div
                      class="MuiDataGrid-virtualScrollerRenderZone css-s1v7zr-MuiDataGrid-virtualScrollerRenderZone"
                      style="transform: translate3d(0px, undefinedpx, 0px);"
                    />
                  </div>
                </div>
              </div>
              <div
                class="Mui-resizeTriggers"
              >
                <div
                  class="expand-trigger"
                >
                  <div
                    style="width: 1px; height: 1px;"
                  />
                </div>
                <div
                  class="contract-trigger"
                />
              </div>
            </div>
            <div>
              <div
                class="MuiDataGrid-footerContainer css-17jjc08-MuiDataGrid-footerContainer"
              >
                <div />
                <nav
                  aria-label="pagination navigation"
                  class="MuiPagination-root MuiPagination-text css-1oj2twp-MuiPagination-root"
                >
                  <ul
                    class="MuiPagination-ul css-wjh20t-MuiPagination-ul"
                  >
                    <li>
                      <button
                        aria-label="Go to previous page"
                        class="MuiButtonBase-root Mui-disabled MuiPaginationItem-root MuiPaginationItem-sizeMedium MuiPaginationItem-text MuiPaginationItem-circular MuiPaginationItem-textPrimary Mui-disabled MuiPaginationItem-previousNext css-1to7aaw-MuiButtonBase-root-MuiPaginationItem-root"
                        disabled=""
                        tabindex="-1"
                        type="button"
                      >
                        <svg
                          aria-hidden="true"
                          class="MuiSvgIcon-root MuiSvgIcon-fontSizeMedium MuiPaginationItem-icon css-g2z002-MuiSvgIcon-root-MuiPaginationItem-icon"
                          data-testid="NavigateBeforeIcon"
                          focusable="false"
                          viewBox="0 0 24 24"
                        >
                          <path
                            d="M15.41 7.41L14 6l-6 6 6 6 1.41-1.41L10.83 12z"
                          />
                        </svg>
                      </button>
                    </li>
                    <li>
                      <button
                        aria-label="Go to next page"
                        class="MuiButtonBase-root Mui-disabled MuiPaginationItem-root MuiPaginationItem-sizeMedium MuiPaginationItem-text MuiPaginationItem-circular MuiPaginationItem-textPrimary Mui-disabled MuiPaginationItem-previousNext css-1to7aaw-MuiButtonBase-root-MuiPaginationItem-root"
                        disabled=""
                        tabindex="-1"
                        type="button"
                      >
                        <svg
                          aria-hidden="true"
                          class="MuiSvgIcon-root MuiSvgIcon-fontSizeMedium MuiPaginationItem-icon css-g2z002-MuiSvgIcon-root-MuiPaginationItem-icon"
                          data-testid="NavigateNextIcon"
                          focusable="false"
                          viewBox="0 0 24 24"
                        >
                          <path
                            d="M10 6L8.59 7.41 13.17 12l-4.58 4.59L10 18l6-6z"
                          />
                        </svg>
                      </button>
                    </li>
                  </ul>
                </nav>
              </div>
            </div>
          </div>
        </div>
      </div>
    </div>
  </div>
</div>
`;
