// Jest Snapshot v1, https://goo.gl/fbAQLP

exports[`Components/Toggle Switch Default play-test 1`] = `
<div style="position: relative; width: 100%; height: 300px; display: flex; align-items: center; justify-content: center;">
  <label class="_toggleSwitch_m4i19_1">
    <div role="toggle-switch"
         class="_toggleSwitchContainer_m4i19_13"
    >
      <div class="_toggleSwitchBackground_m4i19_21 ">
      </div>
      <div class="_toggleSwitchKnob_m4i19_47 ">
      </div>
    </div>
    <div class="_toggleSwitchLabel_m4i19_81">
      Toggle Me
    </div>
    <input readonly
           type="checkbox"
           value
           style="position: absolute; opacity: 0; pointer-events: none;"
    >
  </label>
</div>
`;
